---
source: tests/integration_test.rs
expression: output
---
flowchart TD
    subgraph f0["Search"]
        subgraph f0_s0["[Outline] Search by category"]
            f0_s0_st0(["Given the user is on the search page"])
            f0_s0_st1{{"When the user searches for &quot;&lt;term&gt;&quot;"}}
            f0_s0_st0 --> f0_s0_st1
            f0_s0_st2["Then results for &quot;&lt;category&gt;&quot; are shown"]
            f0_s0_st1 --> f0_s0_st2
            f0_s0_examples[/"Examples: term, category"/]
        end
    end
